// Jest Snapshot v1, https://goo.gl/fbAQLP

exports[`Using fe should merge class names 1`] = `
Array [
  ".b {
    color: red
}

.a:hover {
    color: blue
}",
  <Provider
    renderer={
        Object {
            "_emitChange": [Function],
            "_renderStyle": [Function],
            "_renderStyleToClassNames": [Function],
            "cache": Object {
              ":hovercolorblue": Object {
                "className": "a",
                "declaration": "color:blue",
                "media": "",
                "pseudo": ":hover",
                "selector": ".a:hover",
                "support": "",
                "type": "RULE",
              },
              "colorred": Object {
                "className": "b",
                "declaration": "color:red",
                "media": "",
                "pseudo": "",
                "selector": ".b",
                "support": "",
                "type": "RULE",
              },
            },
            "clear": [Function],
            "devMode": false,
            "filterClassName": [Function],
            "getNextRuleIdentifier": [Function],
            "keyframePrefixes": Array [
              "-webkit-",
              "-moz-",
              "",
            ],
            "listeners": Array [],
            "mediaQueryOrder": Array [],
            "nodes": Object {},
            "plugins": Array [],
            "renderFont": [Function],
            "renderKeyframe": [Function],
            "renderRule": [Function],
            "renderStatic": [Function],
            "ruleOrder": Array [
              /\\^:link/,
              /\\^:visited/,
              /\\^:hover/,
              /\\^:focus-within/,
              /\\^:focus/,
              /\\^:active/,
            ],
            "selectorPrefix": "",
            "subscribe": [Function],
            "supportQueryOrder": Array [],
            "uniqueKeyframeIdentifier": 0,
            "uniqueRuleIdentifier": 2,
          }
    }
>
    <Comp>
        <FelaComponent
            customClass="foo-bar baz"
            render={[Function]}
            style={
                Object {
                    ":hover": Object {
                      "color": "blue",
                    },
                    "color": "red",
                  }
            }
        >
            <FelaTheme
                render={[Function]}
            >
                <div
                    className="foo-bar baz a b"
                >
                    Hello
                </div>
            </FelaTheme>
        </FelaComponent>
    </Comp>
</Provider>,
]
`;

exports[`Using fe should render inline style as CSS 1`] = `
Array [
  ".b {
    color: red
}

.a:hover {
    color: blue
}",
  <Provider
    renderer={
        Object {
            "_emitChange": [Function],
            "_renderStyle": [Function],
            "_renderStyleToClassNames": [Function],
            "cache": Object {
              ":hovercolorblue": Object {
                "className": "a",
                "declaration": "color:blue",
                "media": "",
                "pseudo": ":hover",
                "selector": ".a:hover",
                "support": "",
                "type": "RULE",
              },
              "colorred": Object {
                "className": "b",
                "declaration": "color:red",
                "media": "",
                "pseudo": "",
                "selector": ".b",
                "support": "",
                "type": "RULE",
              },
            },
            "clear": [Function],
            "devMode": false,
            "filterClassName": [Function],
            "getNextRuleIdentifier": [Function],
            "keyframePrefixes": Array [
              "-webkit-",
              "-moz-",
              "",
            ],
            "listeners": Array [],
            "mediaQueryOrder": Array [],
            "nodes": Object {},
            "plugins": Array [],
            "renderFont": [Function],
            "renderKeyframe": [Function],
            "renderRule": [Function],
            "renderStatic": [Function],
            "ruleOrder": Array [
              /\\^:link/,
              /\\^:visited/,
              /\\^:hover/,
              /\\^:focus-within/,
              /\\^:focus/,
              /\\^:active/,
            ],
            "selectorPrefix": "",
            "subscribe": [Function],
            "supportQueryOrder": Array [],
            "uniqueKeyframeIdentifier": 0,
            "uniqueRuleIdentifier": 2,
          }
    }
>
    <Comp>
        <FelaComponent
            render={[Function]}
            style={
                Object {
                    ":hover": Object {
                      "color": "blue",
                    },
                    "color": "red",
                  }
            }
        >
            <FelaTheme
                render={[Function]}
            >
                <div
                    className="a b"
                >
                    Hello
                </div>
            </FelaTheme>
        </FelaComponent>
    </Comp>
</Provider>,
]
`;
