// Jest Snapshot v1, https://goo.gl/fbAQLP

exports[`Rehydrating the cache should not rehydrate 1`] = `
Array [
  undefined,
  "{}",
]
`;

exports[`Rehydrating the cache should rehydrate the renderer cache 1`] = `
Array [
  4,
  "{
  \\"coloryellow\\": {
    \\"type\\": \\"RULE\\",
    \\"className\\": \\"b\\",
    \\"selector\\": \\".b\\",
    \\"declaration\\": \\"color:yellow\\",
    \\"media\\": \\"\\",
    \\"support\\": \\"\\"
  },
  \\":hovercolorred\\": {
    \\"type\\": \\"RULE\\",
    \\"className\\": \\"c\\",
    \\"selector\\": \\".c:hover\\",
    \\"declaration\\": \\"color:red\\",
    \\"media\\": \\"\\",
    \\"support\\": \\"\\"
  },
  \\"(max-width: 800px)colorblue\\": {
    \\"type\\": \\"RULE\\",
    \\"className\\": \\"d\\",
    \\"selector\\": \\".d\\",
    \\"declaration\\": \\"color:blue\\",
    \\"media\\": \\"(max-width: 800px)\\",
    \\"support\\": \\"\\"
  }
}",
]
`;
