// Jest Snapshot v1, https://goo.gl/fbAQLP

exports[`Rehydrating from DOM nodes should rehydrate the renderer cache 1`] = `
Array [
  10,
  Object {
    " #id > .foo ~ barbackgroundColorred": Object {
      "className": "g",
      "declaration": "background-color:red",
      "media": "",
      "pseudo": " #id > .foo ~ bar",
      "selector": ".g #id > .foo ~ bar",
      "support": "",
      "type": "RULE",
    },
    "(display: grid).foo.barcolorred": Object {
      "className": "e",
      "declaration": "color:red",
      "media": "",
      "pseudo": ".foo.bar",
      "selector": ".e.foo.bar",
      "support": "(display: grid)",
      "type": "RULE",
    },
    "(display: grid)colorblue": Object {
      "className": "f",
      "declaration": "color:blue",
      "media": "",
      "pseudo": "",
      "selector": ".f",
      "support": "(display: grid)",
      "type": "RULE",
    },
    ":hover> h1colorgreen": Object {
      "className": "b",
      "declaration": "color:green",
      "media": "",
      "pseudo": ":hover> h1",
      "selector": ".b:hover> h1",
      "support": "",
      "type": "RULE",
    },
    ":hovercolorred": Object {
      "className": "c",
      "declaration": "color:red",
      "media": "",
      "pseudo": ":hover",
      "selector": ".c:hover",
      "support": "",
      "type": "RULE",
    },
    "WebkitFlex1;flex:1": Object {
      "className": "j",
      "declaration": "-webkit-flex:1;flex:1",
      "media": "",
      "pseudo": "",
      "selector": ".j",
      "support": "",
      "type": "RULE",
    },
    "[alt=\\"Hello\\"]fontSize12px": Object {
      "className": "d",
      "declaration": "font-size:12px",
      "media": "",
      "pseudo": "[alt=\\"Hello\\"]",
      "selector": ".d[alt=\\"Hello\\"]",
      "support": "",
      "type": "RULE",
    },
    "backgroundColorred": Object {
      "className": "h",
      "declaration": "background-color:red",
      "media": "",
      "pseudo": "",
      "selector": ".h",
      "support": "",
      "type": "RULE",
    },
    "coloryellow": Object {
      "className": "i",
      "declaration": "color:yellow",
      "media": "",
      "pseudo": "",
      "selector": ".i",
      "support": "",
      "type": "RULE",
    },
  },
]
`;
