// Jest Snapshot v1, https://goo.gl/fbAQLP

exports[`Rendering to string should return a single CSS string 1`] = `
"* {
  box-sizing: border-box
}

div {
  display: flex
}

.h {
  color: red
}

@supports (display:flex) {
  .f {
    color: yellow
  }
}

@supports (display:grid) {
  .g {
    color: brown
  }
}

@media (max-height: 300px) {
  @supports (display: flex) {
    .a {
      color: purple
    }
  }
}

@media (min-height: 300px) {
  .e {
    color: blue
  }

  @supports (display:flex) {
    .c {
      color: green
    }
  }

  @supports (display:grid) {
    .d {
      color: black
    }
  }
}

@media (max-width: 300px) {
  .b {
    color: grey
  }
}"
`;
