// Jest Snapshot v1, https://goo.gl/fbAQLP

exports[`felaMount should snapshot mounted component 1`] = `
Object {
  "component": <boxRules>
    <boxRules
        _felaTheme={
            Object {
                "color": Object {
                  "black": "#000",
                  "grass": "#9BCA3E",
                },
                "fontSize": "15px",
                "fontSizes": Array [
                  10,
                  12,
                  14,
                  16,
                  20,
                  24,
                  32,
                  48,
                  64,
                  80,
                ],
              }
        }
    >
        <div
            className="a b c"
        >
            <boxRules
                size="15"
            >
                <boxRules
                    _felaTheme={
                        Object {
                            "color": Object {
                              "black": "#000",
                              "grass": "#9BCA3E",
                            },
                            "fontSize": "15px",
                            "fontSizes": Array [
                              10,
                              12,
                              14,
                              16,
                              20,
                              24,
                              32,
                              48,
                              64,
                              80,
                            ],
                          }
                    }
                    size="15"
                >
                    <div
                        className="d e c"
                    >
                        text
                    </div>
                </boxRules>
            </boxRules>
            <boxRules>
                <boxRules
                    _felaTheme={
                        Object {
                            "color": Object {
                              "black": "#000",
                              "grass": "#9BCA3E",
                            },
                            "fontSize": "15px",
                            "fontSizes": Array [
                              10,
                              12,
                              14,
                              16,
                              20,
                              24,
                              32,
                              48,
                              64,
                              80,
                            ],
                          }
                    }
                >
                    <div
                        className="a b c"
                    >
                        text
                    </div>
                </boxRules>
            </boxRules>
        </div>
    </boxRules>
</boxRules>,
  "styles": "
.a {
  width: 10px
}

.b {
  height: 10px
}

.c {
  color: #9BCA3E
}

.d {
  width: 15px
}

.e {
  height: 15px
}
",
}
`;
